\BOOKMARK [1][-]{section*.2}{\376\377\000I\000n\000t\000r\000o\000d\000u\000c\000c\000i\000\363\000n}{}% 1
\BOOKMARK [1][-]{section.1}{\376\377\000P\000r\000e\000g\000u\000n\000t\000a\000s\000\040\000d\000e\000\040\000I\000n\000v\000e\000s\000t\000i\000g\000a\000c\000i\000\363\000n}{}% 2
\BOOKMARK [2][-]{subsection.1.1}{\376\377\000P\000r\000e\000g\000u\000n\000t\000a\000\040\0001}{section.1}% 3
\BOOKMARK [2][-]{subsection.1.2}{\376\377\000P\000r\000e\000g\000u\000n\000t\000a\000\040\0002}{section.1}% 4
\BOOKMARK [2][-]{subsection.1.3}{\376\377\000P\000r\000e\000g\000u\000n\000t\000a\000\040\0003}{section.1}% 5
\BOOKMARK [1][-]{section.2}{\376\377\000I\000n\000f\000o\000r\000m\000a\000c\000i\000\363\000n\000\040\000G\000e\000n\000e\000r\000a\000l\000\040\000d\000e\000l\000\040\000D\000a\000t\000a\000s\000e\000t}{}% 6
\BOOKMARK [1][-]{section.3}{\376\377\000C\000l\000a\000s\000i\000f\000i\000c\000a\000c\000i\000\363\000n\000\040\000d\000e\000\040\000V\000a\000r\000i\000a\000b\000l\000e\000s\000\040\000U\000t\000i\000l\000i\000z\000a\000d\000a\000s}{}% 7
\BOOKMARK [2][-]{subsection.3.1}{\376\377\000V\000a\000r\000i\000a\000b\000l\000e\000s\000\040\000C\000u\000a\000l\000i\000t\000a\000t\000i\000v\000a\000s}{section.3}% 8
\BOOKMARK [2][-]{subsection.3.2}{\376\377\000V\000a\000r\000i\000a\000b\000l\000e\000s\000\040\000C\000u\000a\000n\000t\000i\000t\000a\000t\000i\000v\000a\000s\000\040\000D\000i\000s\000c\000r\000e\000t\000a\000s}{section.3}% 9
\BOOKMARK [2][-]{subsection.3.3}{\376\377\000V\000a\000r\000i\000a\000b\000l\000e\000s\000\040\000C\000u\000a\000n\000t\000i\000t\000a\000t\000i\000v\000a\000s\000\040\000C\000o\000n\000t\000i\000n\000u\000a\000s}{section.3}% 10
\BOOKMARK [1][-]{section.4}{\376\377\000V\000a\000r\000i\000a\000b\000l\000e\000s\000\040\000S\000e\000l\000e\000c\000c\000i\000o\000n\000a\000d\000a\000s\000\040\000p\000a\000r\000a\000\040\000e\000l\000\040\000A\000n\000\341\000l\000i\000s\000i\000s\000\040\000E\000s\000t\000a\000d\000\355\000s\000t\000i\000c\000o}{}% 11
\BOOKMARK [1][-]{section.5}{\376\377\000E\000s\000t\000a\000d\000\355\000s\000t\000i\000c\000o\000s\000\040\000D\000e\000s\000c\000r\000i\000p\000t\000i\000v\000o\000s}{}% 12
\BOOKMARK [2][-]{subsection.5.1}{\376\377\000M\000e\000d\000i\000d\000a\000s\000\040\000d\000e\000\040\000T\000e\000n\000d\000e\000n\000c\000i\000a\000\040\000C\000e\000n\000t\000r\000a\000l\000\040\000y\000\040\000D\000i\000s\000p\000e\000r\000s\000i\000\363\000n}{section.5}% 13
\BOOKMARK [2][-]{subsection.5.2}{\376\377\000A\000n\000\341\000l\000i\000s\000i\000s\000\040\000e\000\040\000I\000n\000t\000e\000r\000p\000r\000e\000t\000a\000c\000i\000\363\000n\000\040\000d\000e\000\040\000l\000o\000s\000\040\000E\000s\000t\000a\000d\000\355\000s\000t\000i\000c\000o\000s\000\040\000D\000e\000s\000c\000r\000i\000p\000t\000i\000v\000o\000s}{section.5}% 14
\BOOKMARK [2][-]{subsection.5.3}{\376\377\000A\000n\000\341\000l\000i\000s\000i\000s\000\040\000d\000e\000\040\000l\000a\000\040\000D\000i\000s\000t\000r\000i\000b\000u\000c\000i\000\363\000n\000\040\000d\000e\000\040\000R\000e\000s\000u\000l\000t\000a\000d\000o\000s}{section.5}% 15
\BOOKMARK [1][-]{section.6}{\376\377\000D\000i\000s\000t\000r\000i\000b\000u\000c\000i\000\363\000n\000\040\000G\000r\000\341\000f\000i\000c\000a\000\040\000d\000e\000\040\000l\000a\000s\000\040\000V\000a\000r\000i\000a\000b\000l\000e\000s}{}% 16
\BOOKMARK [2][-]{subsection.6.1}{\376\377\000B\000o\000x\000p\000l\000o\000t\000s\000\040\000y\000\040\000D\000e\000t\000e\000c\000c\000i\000\363\000n\000\040\000d\000e\000\040\000V\000a\000l\000o\000r\000e\000s\000\040\000A\000t\000\355\000p\000i\000c\000o\000s}{section.6}% 17
\BOOKMARK [2][-]{subsection.6.2}{\376\377\000A\000s\000i\000m\000e\000t\000r\000\355\000a\000\040\000y\000\040\000C\000u\000r\000t\000o\000s\000i\000s}{section.6}% 18
\BOOKMARK [2][-]{subsection.6.3}{\376\377\000S\000\355\000n\000t\000e\000s\000i\000s\000\040\000d\000e\000l\000\040\000A\000n\000\341\000l\000i\000s\000i\000s\000\040\000G\000r\000\341\000f\000i\000c\000o}{section.6}% 19
\BOOKMARK [2][-]{subsection.6.4}{\376\377\000C\000o\000n\000c\000l\000u\000s\000i\000\363\000n\000\040\000s\000o\000b\000r\000e\000\040\000l\000a\000\040\000D\000i\000s\000t\000r\000i\000b\000u\000c\000i\000\363\000n\000\040\000y\000\040\000N\000o\000r\000m\000a\000l\000i\000d\000a\000d}{section.6}% 20
\BOOKMARK [1][-]{section.7}{\376\377\000A\000n\000\341\000l\000i\000s\000i\000s\000\040\000d\000e\000\040\000C\000o\000r\000r\000e\000l\000a\000c\000i\000o\000n\000e\000s}{}% 21
\BOOKMARK [2][-]{subsection.7.1}{\376\377\000M\000a\000t\000r\000i\000z\000\040\000d\000e\000\040\000C\000o\000r\000r\000e\000l\000a\000c\000i\000\363\000n}{section.7}% 22
\BOOKMARK [2][-]{subsection.7.2}{\376\377\000C\000o\000r\000r\000e\000l\000a\000c\000i\000o\000n\000e\000s\000\040\000S\000i\000g\000n\000i\000f\000i\000c\000a\000t\000i\000v\000a\000s}{section.7}% 23
\BOOKMARK [2][-]{subsection.7.3}{\376\377\000C\000o\000n\000c\000l\000u\000s\000i\000o\000n\000e\000s}{section.7}% 24
\BOOKMARK [1][-]{section.8}{\376\377\000A\000n\000\341\000l\000i\000s\000i\000s\000\040\000d\000e\000\040\000O\000u\000t\000l\000i\000e\000r\000s\000\040\000\050\000M\000\351\000t\000o\000d\000o\000\040\000I\000Q\000R\000\051}{}% 25
\BOOKMARK [1][-]{section.9}{\376\377\000T\000r\000a\000n\000s\000f\000o\000r\000m\000a\000c\000i\000o\000n\000e\000s\000\040\000y\000\040\000P\000r\000e\000p\000r\000o\000c\000e\000s\000a\000m\000i\000e\000n\000t\000o\000\040\000d\000e\000\040\000D\000a\000t\000o\000s}{}% 26
\BOOKMARK [2][-]{subsection.9.1}{\376\377\000M\000a\000n\000e\000j\000o\000\040\000d\000e\000\040\000V\000a\000l\000o\000r\000e\000s\000\040\000F\000a\000l\000t\000a\000n\000t\000e\000s}{section.9}% 27
\BOOKMARK [2][-]{subsection.9.2}{\376\377\000C\000o\000d\000i\000f\000i\000c\000a\000c\000i\000\363\000n\000\040\000d\000e\000\040\000V\000a\000r\000i\000a\000b\000l\000e\000s\000\040\000C\000a\000t\000e\000g\000\363\000r\000i\000c\000a\000s}{section.9}% 28
\BOOKMARK [2][-]{subsection.9.3}{\376\377\000E\000s\000t\000a\000n\000d\000a\000r\000i\000z\000a\000c\000i\000\363\000n\000\040\000y\000\040\000N\000o\000r\000m\000a\000l\000i\000z\000a\000c\000i\000\363\000n\000\040\000d\000e\000\040\000V\000a\000r\000i\000a\000b\000l\000e\000s\000\040\000N\000u\000m\000\351\000r\000i\000c\000a\000s}{section.9}% 29
\BOOKMARK [3][-]{subsubsection.9.3.1}{\376\377\000D\000i\000a\000g\000n\000\363\000s\000t\000i\000c\000o\000\040\000d\000e\000\040\000E\000s\000c\000a\000l\000a\000s\000\040\000D\000i\000f\000e\000r\000e\000n\000t\000e\000s}{subsection.9.3}% 30
\BOOKMARK [3][-]{subsubsection.9.3.2}{\376\377\000T\000r\000a\000n\000s\000f\000o\000r\000m\000a\000c\000i\000o\000n\000e\000s\000\040\000A\000p\000l\000i\000c\000a\000d\000a\000s}{subsection.9.3}% 31
\BOOKMARK [2][-]{subsection.9.4}{\376\377\000T\000r\000a\000t\000a\000m\000i\000e\000n\000t\000o\000\040\000d\000e\000\040\000V\000a\000l\000o\000r\000e\000s\000\040\000A\000t\000\355\000p\000i\000c\000o\000s}{section.9}% 32
\BOOKMARK [2][-]{subsection.9.5}{\376\377\000C\000r\000e\000a\000c\000i\000\363\000n\000\040\000d\000e\000\040\000V\000a\000r\000i\000a\000b\000l\000e\000s\000\040\000D\000e\000r\000i\000v\000a\000d\000a\000s\000\040\000A\000v\000a\000n\000z\000a\000d\000a\000s}{section.9}% 33
\BOOKMARK [1][-]{section*.30}{\376\377\000C\000o\000n\000c\000l\000u\000s\000i\000o\000n\000e\000s\000\040\000F\000i\000n\000a\000l\000e\000s\000\040\000d\000e\000l\000\040\000A\000n\000\341\000l\000i\000s\000i\000s\000\040\000E\000x\000p\000l\000o\000r\000a\000t\000o\000r\000i\000o}{}% 34
\BOOKMARK [1][-]{section.10}{\376\377\000A\000n\000\341\000l\000i\000s\000i\000s\000\040\000E\000s\000t\000a\000d\000\355\000s\000t\000i\000c\000o\000\040\000d\000e\000\040\000l\000a\000s\000\040\000P\000r\000e\000g\000u\000n\000t\000a\000s\000\040\000d\000e\000\040\000I\000n\000v\000e\000s\000t\000i\000g\000a\000c\000i\000\363\000n}{}% 35
\BOOKMARK [2][-]{subsection.10.1}{\376\377\000P\000r\000e\000g\000u\000n\000t\000a\000\040\0001\000:\000\040\000A\000n\000\341\000l\000i\000s\000i\000s\000\040\000d\000e\000\040\000l\000a\000\040\000R\000e\000l\000a\000c\000i\000\363\000n\000\040\000e\000n\000t\000r\000e\000\040\000T\000r\000i\000p\000l\000e\000s\000\040\000y\000\040\000V\000i\000c\000t\000o\000r\000i\000a}{section.10}% 36
\BOOKMARK [3][-]{subsubsection.10.1.1}{\376\377\000M\000e\000t\000o\000d\000o\000l\000o\000g\000\355\000a\000\040\000A\000p\000l\000i\000c\000a\000d\000a\000:\000\040\000R\000e\000g\000r\000e\000s\000i\000\363\000n\000\040\000L\000o\000g\000\355\000s\000t\000i\000c\000a\000\040\000B\000i\000n\000a\000r\000i\000a}{subsection.10.1}% 37
\BOOKMARK [2][-]{subsection.10.2}{\376\377\000R\000e\000s\000u\000l\000t\000a\000d\000o\000s\000\040\000d\000e\000l\000\040\000M\000o\000d\000e\000l\000o\000\040\000\050\000P\000r\000e\000g\000u\000n\000t\000a\000\040\0001\000\051}{section.10}% 38
\BOOKMARK [3][-]{subsubsection.10.2.1}{\376\377\000C\000o\000e\000f\000i\000c\000i\000e\000n\000t\000e\000s\000\040\000y\000\040\000S\000i\000g\000n\000i\000f\000i\000c\000a\000n\000c\000i\000a}{subsection.10.2}% 39
\BOOKMARK [3][-]{subsubsection.10.2.2}{\376\377\000O\000d\000d\000s\000\040\000R\000a\000t\000i\000o\000s}{subsection.10.2}% 40
\BOOKMARK [2][-]{subsection.10.3}{\376\377\000I\000n\000t\000e\000r\000p\000r\000e\000t\000a\000c\000i\000\363\000n\000\040\000d\000e\000\040\000R\000e\000s\000u\000l\000t\000a\000d\000o\000s\000\040\000\050\000P\000r\000e\000g\000u\000n\000t\000a\000\040\0001\000\051}{section.10}% 41
\BOOKMARK [3][-]{subsubsection.10.3.1}{\376\377\000E\000f\000e\000c\000t\000o\000\040\000M\000a\000r\000g\000i\000n\000a\000l\000\040\000d\000e\000\040\000l\000o\000s\000\040\000T\000r\000i\000p\000l\000e\000s\000\040\000\050\000F\000G\0003\000M\000\051}{subsection.10.3}% 42
\BOOKMARK [3][-]{subsubsection.10.3.2}{\376\377\000E\000f\000e\000c\000t\000o\000\040\000M\000a\000r\000g\000i\000n\000a\000l\000\040\000d\000e\000l\000\040\000P\000o\000r\000c\000e\000n\000t\000a\000j\000e\000\040\000d\000e\000\040\000T\000i\000r\000o\000\040\000\050\000F\000G\000\137\000P\000C\000T\000\051}{subsection.10.3}% 43
\BOOKMARK [3][-]{subsubsection.10.3.3}{\376\377\000I\000n\000t\000e\000r\000p\000r\000e\000t\000a\000c\000i\000\363\000n\000\040\000d\000e\000\040\000l\000o\000s\000\040\000C\000o\000e\000f\000i\000c\000i\000e\000n\000t\000e\000s}{subsection.10.3}% 44
\BOOKMARK [3][-]{subsubsection.10.3.4}{\376\377\000A\000n\000\341\000l\000i\000s\000i\000s\000\040\000G\000r\000\341\000f\000i\000c\000o}{subsection.10.3}% 45
\BOOKMARK [3][-]{subsubsection.10.3.5}{\376\377\000C\000o\000n\000c\000l\000u\000s\000i\000\363\000n\000\040\000\050\000P\000r\000e\000g\000u\000n\000t\000a\000\040\0001\000\051}{subsection.10.3}% 46
\BOOKMARK [2][-]{subsection.10.4}{\376\377\000P\000r\000e\000g\000u\000n\000t\000a\000\040\0002\000:\000\040\000A\000n\000\341\000l\000i\000s\000i\000s\000\040\000d\000e\000\040\000l\000a\000\040\000E\000v\000o\000l\000u\000c\000i\000\363\000n\000\040\000T\000e\000m\000p\000o\000r\000a\000l\000\040\000d\000e\000l\000\040\000J\000u\000e\000g\000o}{section.10}% 47
\BOOKMARK [3][-]{subsubsection.10.4.1}{\376\377\000M\000e\000t\000o\000d\000o\000l\000o\000g\000\355\000a\000\040\000A\000p\000l\000i\000c\000a\000d\000a\000:\000\040\000A\000N\000O\000V\000A\000\040\000y\000\040\000R\000e\000g\000r\000e\000s\000i\000\363\000n\000\040\000L\000i\000n\000e\000a\000l}{subsection.10.4}% 48
\BOOKMARK [3][-]{subsubsection.10.4.2}{\376\377\000J\000u\000s\000t\000i\000f\000i\000c\000a\000c\000i\000\363\000n\000\040\000M\000e\000t\000o\000d\000o\000l\000\363\000g\000i\000c\000a}{subsection.10.4}% 49
\BOOKMARK [2][-]{subsection.10.5}{\376\377\000R\000e\000s\000u\000l\000t\000a\000d\000o\000s\000\040\000\050\000P\000r\000e\000g\000u\000n\000t\000a\000\040\0002\000\051}{section.10}% 50
\BOOKMARK [3][-]{subsubsection.10.5.1}{\376\377\000R\000e\000g\000r\000e\000s\000i\000\363\000n\000\040\000L\000i\000n\000e\000a\000l\000\040\000S\000i\000m\000p\000l\000e}{subsection.10.5}% 51
\BOOKMARK [3][-]{subsubsection.10.5.2}{\376\377\000M\000e\000d\000i\000a\000s\000\040\000p\000o\000r\000\040\000T\000e\000m\000p\000o\000r\000a\000d\000a\000\040\000\050\000V\000a\000l\000o\000r\000e\000s\000\040\000E\000s\000t\000a\000n\000d\000a\000r\000i\000z\000a\000d\000o\000s\000\051}{subsection.10.5}% 52
\BOOKMARK [3][-]{subsubsection.10.5.3}{\376\377\000R\000e\000s\000u\000l\000t\000a\000d\000o\000s\000\040\000A\000N\000O\000V\000A}{subsection.10.5}% 53
\BOOKMARK [2][-]{subsection.10.6}{\376\377\000A\000n\000\341\000l\000i\000s\000i\000s\000\040\000e\000\040\000I\000n\000t\000e\000r\000p\000r\000e\000t\000a\000c\000i\000\363\000n\000\040\000\050\000P\000r\000e\000g\000u\000n\000t\000a\000\040\0002\000\051}{section.10}% 54
\BOOKMARK [3][-]{subsubsection.10.6.1}{\376\377\000T\000e\000n\000d\000e\000n\000c\000i\000a\000s\000\040\000T\000e\000m\000p\000o\000r\000a\000l\000e\000s}{subsection.10.6}% 55
\BOOKMARK [3][-]{subsubsection.10.6.2}{\376\377\000D\000i\000f\000e\000r\000e\000n\000c\000i\000a\000s\000\040\000e\000n\000t\000r\000e\000\040\000T\000e\000m\000p\000o\000r\000a\000d\000a\000s\000\040\000\050\000A\000N\000O\000V\000A\000\051}{subsection.10.6}% 56
\BOOKMARK [2][-]{subsection.10.7}{\376\377\000P\000r\000e\000g\000u\000n\000t\000a\000\040\0003\000:\000\040\000A\000n\000\341\000l\000i\000s\000i\000s\000\040\000d\000e\000\040\000P\000r\000e\000d\000i\000c\000t\000o\000r\000e\000s\000\040\000d\000e\000l\000\040\000D\000i\000f\000e\000r\000e\000n\000c\000i\000a\000l\000\040\000d\000e\000\040\000P\000u\000n\000t\000o\000s}{section.10}% 57
\BOOKMARK [3][-]{subsubsection.10.7.1}{\376\377\000J\000u\000s\000t\000i\000f\000i\000c\000a\000c\000i\000\363\000n\000\040\000d\000e\000\040\000l\000a\000\040\000R\000e\000g\000r\000e\000s\000i\000\363\000n\000\040\000M\000\372\000l\000t\000i\000p\000l\000e}{subsection.10.7}% 58
\BOOKMARK [3][-]{subsubsection.10.7.2}{\376\377\000M\000o\000d\000e\000l\000o\000\040\000E\000s\000t\000a\000d\000\355\000s\000t\000i\000c\000o}{subsection.10.7}% 59
\BOOKMARK [3][-]{subsubsection.10.7.3}{\376\377\000H\000i\000p\000\363\000t\000e\000s\000i\000s\000\040\000E\000s\000t\000a\000d\000\355\000s\000t\000i\000c\000a\000s}{subsection.10.7}% 60
\BOOKMARK [2][-]{subsection.10.8}{\376\377\000R\000e\000s\000u\000l\000t\000a\000d\000o\000s\000\040\000\050\000P\000r\000e\000g\000u\000n\000t\000a\000\040\0003\000\051}{section.10}% 61
\BOOKMARK [3][-]{subsubsection.10.8.1}{\376\377\000M\000\351\000t\000r\000i\000c\000a\000s\000\040\000G\000l\000o\000b\000a\000l\000e\000s\000\040\000d\000e\000l\000\040\000M\000o\000d\000e\000l\000o}{subsection.10.8}% 62
\BOOKMARK [3][-]{subsubsection.10.8.2}{\376\377\000C\000o\000e\000f\000i\000c\000i\000e\000n\000t\000e\000s\000\040\000d\000e\000\040\000R\000e\000g\000r\000e\000s\000i\000\363\000n}{subsection.10.8}% 63
\BOOKMARK [2][-]{subsection.10.9}{\376\377\000A\000n\000\341\000l\000i\000s\000i\000s\000\040\000e\000\040\000I\000n\000t\000e\000r\000p\000r\000e\000t\000a\000c\000i\000\363\000n\000\040\000\050\000P\000r\000e\000g\000u\000n\000t\000a\000\040\0003\000\051}{section.10}% 64
\BOOKMARK [3][-]{subsubsection.10.9.1}{\376\377\000I\000n\000t\000e\000r\000p\000r\000e\000t\000a\000c\000i\000\363\000n\000\040\000d\000e\000\040\000l\000o\000s\000\040\000C\000o\000e\000f\000i\000c\000i\000e\000n\000t\000e\000s}{subsection.10.9}% 65
\BOOKMARK [3][-]{subsubsection.10.9.2}{\376\377\000A\000n\000\341\000l\000i\000s\000i\000s\000\040\000d\000e\000\040\000S\000i\000g\000n\000i\000f\000i\000c\000a\000n\000c\000i\000a\000\040\000E\000s\000t\000a\000d\000\355\000s\000t\000i\000c\000a}{subsection.10.9}% 66
\BOOKMARK [3][-]{subsubsection.10.9.3}{\376\377\000P\000o\000d\000e\000r\000\040\000E\000x\000p\000l\000i\000c\000a\000t\000i\000v\000o\000\040\000d\000e\000l\000\040\000M\000o\000d\000e\000l\000o}{subsection.10.9}% 67
\BOOKMARK [1][-]{section.11}{\376\377\000H\000a\000l\000l\000a\000z\000g\000o\000s\000\040\000P\000r\000i\000n\000c\000i\000p\000a\000l\000e\000s\000\040\000p\000o\000r\000\040\000P\000r\000e\000g\000u\000n\000t\000a\000\040\000d\000e\000\040\000I\000n\000v\000e\000s\000t\000i\000g\000a\000c\000i\000\363\000n}{}% 68
\BOOKMARK [2][-]{subsection.11.1}{\376\377\000P\000r\000e\000g\000u\000n\000t\000a\000\040\0001\000:\000\040\000R\000e\000l\000a\000c\000i\000\363\000n\000\040\000e\000n\000t\000r\000e\000\040\000t\000r\000i\000p\000l\000e\000s\000\040\000y\000\040\000v\000i\000c\000t\000o\000r\000i\000a}{section.11}% 69
\BOOKMARK [2][-]{subsection.11.2}{\376\377\000P\000r\000e\000g\000u\000n\000t\000a\000\040\0002\000:\000\040\000E\000v\000o\000l\000u\000c\000i\000\363\000n\000\040\000t\000e\000m\000p\000o\000r\000a\000l\000\040\000d\000e\000l\000\040\000j\000u\000e\000g\000o\000\040\000\050\0002\0000\0001\0000\000-\0002\0000\0002\0004\000\051}{section.11}% 70
\BOOKMARK [2][-]{subsection.11.3}{\376\377\000P\000r\000e\000g\000u\000n\000t\000a\000\040\0003\000:\000\040\000P\000r\000e\000d\000i\000c\000t\000o\000r\000e\000s\000\040\000d\000e\000l\000\040\000d\000i\000f\000e\000r\000e\000n\000c\000i\000a\000l\000\040\000d\000e\000\040\000p\000u\000n\000t\000o\000s\000\040\000\050\000P\000L\000U\000S\000\137\000M\000I\000N\000U\000S\000\051}{section.11}% 71
\BOOKMARK [1][-]{section.12}{\376\377\000S\000\355\000n\000t\000e\000s\000i\000s\000\040\000G\000e\000n\000e\000r\000a\000l}{}% 72
\BOOKMARK [2][-]{subsection.12.1}{\376\377\000P\000a\000t\000r\000o\000n\000e\000s\000\040\000i\000d\000e\000n\000t\000i\000f\000i\000c\000a\000d\000o\000s}{section.12}% 73
\BOOKMARK [2][-]{subsection.12.2}{\376\377\000I\000m\000p\000l\000i\000c\000a\000c\000i\000o\000n\000e\000s\000\040\000e\000s\000t\000r\000a\000t\000\351\000g\000i\000c\000a\000s}{section.12}% 74
\BOOKMARK [1][-]{section.13}{\376\377\000L\000i\000m\000i\000t\000a\000c\000i\000o\000n\000e\000s\000\040\000d\000e\000l\000\040\000E\000s\000t\000u\000d\000i\000o}{}% 75
\BOOKMARK [1][-]{section.14}{\376\377\000E\000x\000t\000e\000n\000s\000i\000o\000n\000e\000s\000\040\000y\000\040\000M\000e\000j\000o\000r\000a\000s\000\040\000F\000u\000t\000u\000r\000a\000s}{}% 76
\BOOKMARK [2][-]{subsection.14.1}{\376\377\000M\000e\000j\000o\000r\000a\000s\000\040\000m\000e\000t\000o\000d\000o\000l\000\363\000g\000i\000c\000a\000s}{section.14}% 77
\BOOKMARK [2][-]{subsection.14.2}{\376\377\000V\000a\000r\000i\000a\000b\000l\000e\000s\000\040\000a\000d\000i\000c\000i\000o\000n\000a\000l\000e\000s}{section.14}% 78
\BOOKMARK [2][-]{subsection.14.3}{\376\377\000A\000n\000\341\000l\000i\000s\000i\000s\000\040\000c\000o\000m\000p\000a\000r\000a\000t\000i\000v\000o\000s}{section.14}% 79
\BOOKMARK [1][-]{section.15}{\376\377\000C\000o\000n\000c\000l\000u\000s\000i\000o\000n\000e\000s\000\040\000F\000i\000n\000a\000l\000e\000s}{}% 80
