This is pdfTeX, Version 3.141592653-2.6-1.40.25 (MiKTeX 24.1) (preloaded format=pdflatex 2025.11.27)  24 JAN 2026 14:59
entering extended mode
 restricted \write18 enabled.
 file:line:error style messages enabled.
 %&-line parsing enabled.
**c:/Users/marti/OneDrive/Documents/SCUL/estadistica1.19.2026/NBA_statistics/proyecto.tex
(c:/Users/marti/OneDrive/Documents/SCUL/estadistica1.19.2026/NBA_statistics/proyecto.tex
LaTeX2e <2023-11-01> patch level 1
L3 programming layer <2024-01-04>
(C:\Users\marti\AppData\Local\Programs\MiKTeX\tex/latex/base\article.cls
Document Class: article 2023/05/17 v1.4n Standard LaTeX document class
(C:\Users\marti\AppData\Local\Programs\MiKTeX\tex/latex/base\size12.clo
File: size12.clo 2023/05/17 v1.4n Standard LaTeX file (size option)
)
\c@part=\count187
\c@section=\count188
\c@subsection=\count189
\c@subsubsection=\count190
\c@paragraph=\count191
\c@subparagraph=\count192
\c@figure=\count193
\c@table=\count194
\abovecaptionskip=\skip48
\belowcaptionskip=\skip49
\bibindent=\dimen140
) (C:\Users\marti\AppData\Local\Programs\MiKTeX\tex/latex/base\inputenc.sty
Package: inputenc 2021/02/14 v1.3d Input encoding file
\inpenc@prehook=\toks17
\inpenc@posthook=\toks18
) (C:\Users\marti\AppData\Local\Programs\MiKTeX\tex/generic/babel\babel.sty
Package: babel 2024/01/07 v24.1 The Babel package
\babel@savecnt=\count195
\U@D=\dimen141
\l@unhyphenated=\language79
 (C:\Users\marti\AppData\Local\Programs\MiKTeX\tex/generic/babel\txtbabel.def)
\bbl@readstream=\read2
\bbl@dirlevel=\count196

*************************************
* Local config file bblopts.cfg used
*
(C:\Users\marti\AppData\Local\Programs\MiKTeX\tex/latex/arabi\bblopts.cfg
File: bblopts.cfg 2005/09/08 v0.1 add Arabic and Farsi to "declared" options of babel
) (C:\Users\marti\AppData\Local\Programs\MiKTeX\tex/latex/babel-spanish\spanish.ldf
Language: spanish.ldf 2021/05/27 v5.0q Spanish support from the babel system
\es@quottoks=\toks19
\es@quotdepth=\count197
Package babel Info: Making " an active character on input line 570.
Package babel Info: Making . an active character on input line 675.
Package babel Info: Making < an active character on input line 722.
Package babel Info: Making > an active character on input line 722.
)) (C:\Users\marti\AppData\Local\Programs\MiKTeX\tex/generic/babel/locale/es\babel-spanish.tex
Package babel Info: Importing font and identification data for spanish
(babel)             from babel-es.ini. Reported on input line 11.
) (C:\Users\marti\AppData\Local\Programs\MiKTeX\tex/latex/graphics\graphicx.sty
Package: graphicx 2021/09/16 v1.2d Enhanced LaTeX Graphics (DPC,SPQR)
 (C:\Users\marti\AppData\Local\Programs\MiKTeX\tex/latex/graphics\keyval.sty
Package: keyval 2022/05/29 v1.15 key=value parser (DPC)
\KV@toks@=\toks20
) (C:\Users\marti\AppData\Local\Programs\MiKTeX\tex/latex/graphics\graphics.sty
Package: graphics 2022/03/10 v1.4e Standard LaTeX Graphics (DPC,SPQR)
 (C:\Users\marti\AppData\Local\Programs\MiKTeX\tex/latex/graphics\trig.sty
Package: trig 2021/08/11 v1.11 sin cos tan (DPC)
) (C:\Users\marti\AppData\Local\Programs\MiKTeX\tex/latex/graphics-cfg\graphics.cfg
File: graphics.cfg 2016/06/04 v1.11 sample graphics configuration
)
Package graphics Info: Driver file: pdftex.def on input line 107.
 (C:\Users\marti\AppData\Local\Programs\MiKTeX\tex/latex/graphics-def\pdftex.def
File: pdftex.def 2022/09/22 v1.2b Graphics/color driver for pdftex
))
\Gin@req@height=\dimen142
\Gin@req@width=\dimen143
) (C:\Users\marti\AppData\Local\Programs\MiKTeX\tex/latex/amsmath\amsmath.sty
Package: amsmath 2023/05/13 v2.17o AMS math features
\@mathmargin=\skip50

For additional information on amsmath, use the `?' option.
(C:\Users\marti\AppData\Local\Programs\MiKTeX\tex/latex/amsmath\amstext.sty
Package: amstext 2021/08/26 v2.01 AMS text
 (C:\Users\marti\AppData\Local\Programs\MiKTeX\tex/latex/amsmath\amsgen.sty
File: amsgen.sty 1999/11/30 v2.0 generic functions
\@emptytoks=\toks21
\ex@=\dimen144
)) (C:\Users\marti\AppData\Local\Programs\MiKTeX\tex/latex/amsmath\amsbsy.sty
Package: amsbsy 1999/11/29 v1.2d Bold Symbols
\pmbraise@=\dimen145
) (C:\Users\marti\AppData\Local\Programs\MiKTeX\tex/latex/amsmath\amsopn.sty
Package: amsopn 2022/04/08 v2.04 operator names
)
\inf@bad=\count198
LaTeX Info: Redefining \frac on input line 234.
\uproot@=\count199
\leftroot@=\count266
LaTeX Info: Redefining \overline on input line 399.
LaTeX Info: Redefining \colon on input line 410.
\classnum@=\count267
\DOTSCASE@=\count268
LaTeX Info: Redefining \ldots on input line 496.
LaTeX Info: Redefining \dots on input line 499.
LaTeX Info: Redefining \cdots on input line 620.
\Mathstrutbox@=\box51
\strutbox@=\box52
LaTeX Info: Redefining \big on input line 722.
LaTeX Info: Redefining \Big on input line 723.
LaTeX Info: Redefining \bigg on input line 724.
LaTeX Info: Redefining \Bigg on input line 725.
\big@size=\dimen146
LaTeX Font Info:    Redeclaring font encoding OML on input line 743.
LaTeX Font Info:    Redeclaring font encoding OMS on input line 744.
\macc@depth=\count269
LaTeX Info: Redefining \bmod on input line 905.
LaTeX Info: Redefining \pmod on input line 910.
LaTeX Info: Redefining \smash on input line 940.
LaTeX Info: Redefining \relbar on input line 970.
LaTeX Info: Redefining \Relbar on input line 971.
\c@MaxMatrixCols=\count270
\dotsspace@=\muskip16
\c@parentequation=\count271
\dspbrk@lvl=\count272
\tag@help=\toks22
\row@=\count273
\column@=\count274
\maxfields@=\count275
\andhelp@=\toks23
\eqnshift@=\dimen147
\alignsep@=\dimen148
\tagshift@=\dimen149
\tagwidth@=\dimen150
\totwidth@=\dimen151
\lineht@=\dimen152
\@envbody=\toks24
\multlinegap=\skip51
\multlinetaggap=\skip52
\mathdisplay@stack=\toks25
LaTeX Info: Redefining \[ on input line 2953.
LaTeX Info: Redefining \] on input line 2954.
) (C:\Users\marti\AppData\Local\Programs\MiKTeX\tex/latex/amsfonts\amssymb.sty
Package: amssymb 2013/01/14 v3.01 AMS font symbols
 (C:\Users\marti\AppData\Local\Programs\MiKTeX\tex/latex/amsfonts\amsfonts.sty
Package: amsfonts 2013/01/14 v3.01 Basic AMSFonts support
\symAMSa=\mathgroup4
\symAMSb=\mathgroup5
LaTeX Font Info:    Redeclaring math symbol \hbar on input line 98.
LaTeX Font Info:    Overwriting math alphabet `\mathfrak' in version `bold'
(Font)                  U/euf/m/n --> U/euf/b/n on input line 106.
)) (C:\Users\marti\AppData\Local\Programs\MiKTeX\tex/latex/geometry\geometry.sty
Package: geometry 2020/01/02 v5.9 Page Geometry
 (C:\Users\marti\AppData\Local\Programs\MiKTeX\tex/generic/iftex\ifvtex.sty
Package: ifvtex 2019/10/25 v1.7 ifvtex legacy package. Use iftex instead.
 (C:\Users\marti\AppData\Local\Programs\MiKTeX\tex/generic/iftex\iftex.sty
Package: iftex 2022/02/03 v1.0f TeX engine tests
))
\Gm@cnth=\count276
\Gm@cntv=\count277
\c@Gm@tempcnt=\count278
\Gm@bindingoffset=\dimen153
\Gm@wd@mp=\dimen154
\Gm@odd@mp=\dimen155
\Gm@even@mp=\dimen156
\Gm@layoutwidth=\dimen157
\Gm@layoutheight=\dimen158
\Gm@layouthoffset=\dimen159
\Gm@layoutvoffset=\dimen160
\Gm@dimlist=\toks26
 (C:\Users\marti\AppData\Local\Programs\MiKTeX\tex/latex/geometry\geometry.cfg)) (C:\Users\marti\AppData\Local\Programs\MiKTeX\tex/latex/booktabs\booktabs.sty
Package: booktabs 2020/01/12 v1.61803398 Publication quality tables
\heavyrulewidth=\dimen161
\lightrulewidth=\dimen162
\cmidrulewidth=\dimen163
\belowrulesep=\dimen164
\belowbottomsep=\dimen165
\aboverulesep=\dimen166
\abovetopsep=\dimen167
\cmidrulesep=\dimen168
\cmidrulekern=\dimen169
\defaultaddspace=\dimen170
\@cmidla=\count279
\@cmidlb=\count280
\@aboverulesep=\dimen171
\@belowrulesep=\dimen172
\@thisruleclass=\count281
\@lastruleclass=\count282
\@thisrulewidth=\dimen173
) (C:\Users\marti\AppData\Local\Programs\MiKTeX\tex/latex/tools\array.sty
Package: array 2023/10/16 v2.5g Tabular extension package (FMi)
\col@sep=\dimen174
\ar@mcellbox=\box53
\extrarowheight=\dimen175
\NC@list=\toks27
\extratabsurround=\skip53
\backup@length=\skip54
\ar@cellbox=\box54
) (C:\Users\marti\AppData\Local\Programs\MiKTeX\tex/latex/xcolor\xcolor.sty
Package: xcolor 2023/11/15 v3.01 LaTeX color extensions (UK)
 (C:\Users\marti\AppData\Local\Programs\MiKTeX\tex/latex/graphics-cfg\color.cfg
File: color.cfg 2016/01/02 v1.6 sample color configuration
)
Package xcolor Info: Driver file: pdftex.def on input line 274.
 (C:\Users\marti\AppData\Local\Programs\MiKTeX\tex/latex/graphics\mathcolor.ltx)
Package xcolor Info: Model `cmy' substituted by `cmy0' on input line 1350.
Package xcolor Info: Model `hsb' substituted by `rgb' on input line 1354.
Package xcolor Info: Model `RGB' extended on input line 1366.
Package xcolor Info: Model `HTML' substituted by `rgb' on input line 1368.
Package xcolor Info: Model `Hsb' substituted by `hsb' on input line 1369.
Package xcolor Info: Model `tHsb' substituted by `hsb' on input line 1370.
Package xcolor Info: Model `HSB' substituted by `hsb' on input line 1371.
Package xcolor Info: Model `Gray' substituted by `gray' on input line 1372.
Package xcolor Info: Model `wave' substituted by `hsb' on input line 1373.
) (C:\Users\marti\AppData\Local\Programs\MiKTeX\tex/latex/float\float.sty
Package: float 2001/11/08 v1.3d Float enhancements (AL)
\c@float@type=\count283
\float@exts=\toks28
\float@box=\box55
\@float@everytoks=\toks29
\@floatcapt=\box56
) (C:\Users\marti\AppData\Local\Programs\MiKTeX\tex/latex/setspace\setspace.sty
Package: setspace 2022/12/04 v6.7b set line spacing
) (C:\Users\marti\AppData\Local\Programs\MiKTeX\tex/latex/caption\caption.sty
Package: caption 2023/08/05 v3.6o Customizing captions (AR)
 (C:\Users\marti\AppData\Local\Programs\MiKTeX\tex/latex/caption\caption3.sty
Package: caption3 2023/07/31 v2.4d caption3 kernel (AR)
\caption@tempdima=\dimen176
\captionmargin=\dimen177
\caption@leftmargin=\dimen178
\caption@rightmargin=\dimen179
\caption@width=\dimen180
\caption@indent=\dimen181
\caption@parindent=\dimen182
\caption@hangindent=\dimen183
Package caption Info: Standard document class detected.
)
\c@caption@flags=\count284
\c@continuedfloat=\count285
Package caption Info: float package is loaded.
) (C:\Users\marti\AppData\Local\Programs\MiKTeX\tex/latex/caption\subcaption.sty
Package: subcaption 2023/07/28 v1.6b Sub-captions (AR)
Package caption Info: New subtype `subfigure' on input line 238.
\c@subfigure=\count286
Package caption Info: New subtype `subtable' on input line 238.
\c@subtable=\count287
) (C:\Users\marti\AppData\Local\Programs\MiKTeX\tex/latex/tools\longtable.sty
Package: longtable 2023-11-01 v4.19 Multi-page Table package (DPC)
\LTleft=\skip55
\LTright=\skip56
\LTpre=\skip57
\LTpost=\skip58
\LTchunksize=\count288
\LTcapwidth=\dimen184
\LT@head=\box57
\LT@firsthead=\box58
\LT@foot=\box59
\LT@lastfoot=\box60
\LT@gbox=\box61
\LT@cols=\count289
\LT@rows=\count290
\c@LT@tables=\count291
\c@LT@chunks=\count292
\LT@p@ftn=\toks30
) (C:\Users\marti\AppData\Local\Programs\MiKTeX\tex/latex/multirow\multirow.sty
Package: multirow 2024/11/12 v2.9 Span multiple rows of a table
\multirow@colwidth=\skip59
\multirow@cntb=\count293
\multirow@dima=\skip60
\bigstrutjot=\dimen185
) (C:\Users\marti\AppData\Local\Programs\MiKTeX\tex/latex/makecell\makecell.sty
Package: makecell 2009/08/03 V0.1e Managing of Tab Column Heads and Cells
\rotheadsize=\dimen186
\c@nlinenum=\count294
\TeXr@lab=\toks31
) (C:\Users\marti\AppData\Local\Programs\MiKTeX\tex/latex/hyperref\hyperref.sty
Package: hyperref 2023-11-26 v7.01g Hypertext links for LaTeX
 (C:\Users\marti\AppData\Local\Programs\MiKTeX\tex/generic/infwarerr\infwarerr.sty
Package: infwarerr 2019/12/03 v1.5 Providing info/warning/error messages (HO)
) (C:\Users\marti\AppData\Local\Programs\MiKTeX\tex/latex/kvsetkeys\kvsetkeys.sty
Package: kvsetkeys 2022-10-05 v1.19 Key value parser (HO)
) (C:\Users\marti\AppData\Local\Programs\MiKTeX\tex/generic/kvdefinekeys\kvdefinekeys.sty
Package: kvdefinekeys 2019-12-19 v1.6 Define keys (HO)
) (C:\Users\marti\AppData\Local\Programs\MiKTeX\tex/generic/pdfescape\pdfescape.sty
Package: pdfescape 2019/12/09 v1.15 Implements pdfTeX's escape features (HO)
 (C:\Users\marti\AppData\Local\Programs\MiKTeX\tex/generic/ltxcmds\ltxcmds.sty
Package: ltxcmds 2023-12-04 v1.26 LaTeX kernel commands for general use (HO)
) (C:\Users\marti\AppData\Local\Programs\MiKTeX\tex/generic/pdftexcmds\pdftexcmds.sty
Package: pdftexcmds 2020-06-27 v0.33 Utility functions of pdfTeX for LuaTeX (HO)
Package pdftexcmds Info: \pdf@primitive is available.
Package pdftexcmds Info: \pdf@ifprimitive is available.
Package pdftexcmds Info: \pdfdraftmode found.
)) (C:\Users\marti\AppData\Local\Programs\MiKTeX\tex/latex/hycolor\hycolor.sty
Package: hycolor 2020-01-27 v1.10 Color options for hyperref/bookmark (HO)
) (C:\Users\marti\AppData\Local\Programs\MiKTeX\tex/latex/letltxmacro\letltxmacro.sty
Package: letltxmacro 2019/12/03 v1.6 Let assignment for LaTeX macros (HO)
) (C:\Users\marti\AppData\Local\Programs\MiKTeX\tex/latex/auxhook\auxhook.sty
Package: auxhook 2019-12-17 v1.6 Hooks for auxiliary files (HO)
) (C:\Users\marti\AppData\Local\Programs\MiKTeX\tex/latex/hyperref\nameref.sty
Package: nameref 2023-11-26 v2.56 Cross-referencing by name of section
 (C:\Users\marti\AppData\Local\Programs\MiKTeX\tex/latex/refcount\refcount.sty
Package: refcount 2019/12/15 v3.6 Data extraction from label references (HO)
) (C:\Users\marti\AppData\Local\Programs\MiKTeX\tex/generic/gettitlestring\gettitlestring.sty
Package: gettitlestring 2019/12/15 v1.6 Cleanup title references (HO)
 (C:\Users\marti\AppData\Local\Programs\MiKTeX\tex/latex/kvoptions\kvoptions.sty
Package: kvoptions 2022-06-15 v3.15 Key value format for package options (HO)
))
\c@section@level=\count295
) (C:\Users\marti\AppData\Local\Programs\MiKTeX\tex/latex/etoolbox\etoolbox.sty
Package: etoolbox 2020/10/05 v2.5k e-TeX tools for LaTeX (JAW)
\etb@tempcnta=\count296
)
\@linkdim=\dimen187
\Hy@linkcounter=\count297
\Hy@pagecounter=\count298
 (C:\Users\marti\AppData\Local\Programs\MiKTeX\tex/latex/hyperref\pd1enc.def
File: pd1enc.def 2023-11-26 v7.01g Hyperref: PDFDocEncoding definition (HO)
Now handling font encoding PD1 ...
... no UTF-8 mapping file for font encoding PD1
) (C:\Users\marti\AppData\Local\Programs\MiKTeX\tex/generic/intcalc\intcalc.sty
Package: intcalc 2019/12/15 v1.3 Expandable calculations with integers (HO)
)
\Hy@SavedSpaceFactor=\count299
 (C:\Users\marti\AppData\Local\Programs\MiKTeX\tex/latex/hyperref\puenc.def
File: puenc.def 2023-11-26 v7.01g Hyperref: PDF Unicode definition (HO)
Now handling font encoding PU ...
... no UTF-8 mapping file for font encoding PU
)
Package hyperref Info: Option `colorlinks' set `true' on input line 4064.
Package hyperref Info: Hyper figures OFF on input line 4181.
Package hyperref Info: Link nesting OFF on input line 4186.
Package hyperref Info: Hyper index ON on input line 4189.
Package hyperref Info: Plain pages OFF on input line 4196.
Package hyperref Info: Backreferencing OFF on input line 4201.
Package hyperref Info: Implicit mode ON; LaTeX internals redefined.
Package hyperref Info: Bookmarks ON on input line 4448.
\c@Hy@tempcnt=\count300
 (C:\Users\marti\AppData\Local\Programs\MiKTeX\tex/latex/url\url.sty
\Urlmuskip=\muskip17
Package: url 2013/09/16  ver 3.4  Verb mode for urls, etc.
)
LaTeX Info: Redefining \url on input line 4786.
\XeTeXLinkMargin=\dimen188
 (C:\Users\marti\AppData\Local\Programs\MiKTeX\tex/generic/bitset\bitset.sty
Package: bitset 2019/12/09 v1.3 Handle bit-vector datatype (HO)
 (C:\Users\marti\AppData\Local\Programs\MiKTeX\tex/generic/bigintcalc\bigintcalc.sty
Package: bigintcalc 2019/12/15 v1.5 Expandable calculations on big integers (HO)
))
\Fld@menulength=\count301
\Field@Width=\dimen189
\Fld@charsize=\dimen190
Package hyperref Info: Hyper figures OFF on input line 6065.
Package hyperref Info: Link nesting OFF on input line 6070.
Package hyperref Info: Hyper index ON on input line 6073.
Package hyperref Info: backreferencing OFF on input line 6080.
Package hyperref Info: Link coloring ON on input line 6083.
Package hyperref Info: Link coloring with OCG OFF on input line 6090.
Package hyperref Info: PDF/A mode OFF on input line 6095.
 (C:\Users\marti\AppData\Local\Programs\MiKTeX\tex/latex/base\atbegshi-ltx.sty
Package: atbegshi-ltx 2021/01/10 v1.0c Emulation of the original atbegshi
package with kernel methods
)
\Hy@abspage=\count302
\c@Item=\count303
\c@Hfootnote=\count304
)
Package hyperref Info: Driver (autodetected): hpdftex.
 (C:\Users\marti\AppData\Local\Programs\MiKTeX\tex/latex/hyperref\hpdftex.def
File: hpdftex.def 2023-11-26 v7.01g Hyperref driver for pdfTeX
 (C:\Users\marti\AppData\Local\Programs\MiKTeX\tex/latex/base\atveryend-ltx.sty
Package: atveryend-ltx 2020/08/19 v1.0a Emulation of the original atveryend package
with kernel methods
)
\Fld@listcount=\count305
\c@bookmark@seq@number=\count306
 (C:\Users\marti\AppData\Local\Programs\MiKTeX\tex/latex/rerunfilecheck\rerunfilecheck.sty
Package: rerunfilecheck 2025-06-21 v1.11 Rerun checks for auxiliary files (HO)
 (C:\Users\marti\AppData\Local\Programs\MiKTeX\tex/generic/uniquecounter\uniquecounter.sty
Package: uniquecounter 2019/12/15 v1.4 Provide unlimited unique counter (HO)
)
Package uniquecounter Info: New unique counter `rerunfilecheck' on input line 284.
)
\Hy@SectionHShift=\skip61
) (C:\Users\marti\AppData\Local\Programs\MiKTeX\tex/latex/enumitem\enumitem.sty
Package: enumitem 2025/02/06 v3.11 Customized lists
\labelindent=\skip62
\enit@outerparindent=\dimen191
\enit@toks=\toks32
\enit@inbox=\box62
\enit@count@id=\count307
\enitdp@description=\count308
)
Package hyperref Info: Option `colorlinks' set `true' on input line 35.
 (C:\Users\marti\AppData\Local\Programs\MiKTeX\tex/latex/l3backend\l3backend-pdftex.def
File: l3backend-pdftex.def 2024-01-04 L3 backend support: PDF output (pdfTeX)
\l__color_backend_stack_int=\count309
\l__pdf_internal_box=\box63
) (c:\Users\marti\OneDrive\Documents\SCUL\estadistica1.19.2026\NBA_statistics\build\proyecto.aux
LaTeX Info: Redefining \. on input line 11.
LaTeX Info: Redefining \% on input line 11.
)
\openout1 = `proyecto.aux'.

LaTeX Font Info:    Checking defaults for OML/cmm/m/it on input line 43.
LaTeX Font Info:    ... okay on input line 43.
LaTeX Font Info:    Checking defaults for OMS/cmsy/m/n on input line 43.
LaTeX Font Info:    ... okay on input line 43.
LaTeX Font Info:    Checking defaults for OT1/cmr/m/n on input line 43.
LaTeX Font Info:    ... okay on input line 43.
LaTeX Font Info:    Checking defaults for T1/cmr/m/n on input line 43.
LaTeX Font Info:    ... okay on input line 43.
LaTeX Font Info:    Checking defaults for TS1/cmr/m/n on input line 43.
LaTeX Font Info:    ... okay on input line 43.
LaTeX Font Info:    Checking defaults for OMX/cmex/m/n on input line 43.
LaTeX Font Info:    ... okay on input line 43.
LaTeX Font Info:    Checking defaults for U/cmr/m/n on input line 43.
LaTeX Font Info:    ... okay on input line 43.
LaTeX Font Info:    Checking defaults for PD1/pdf/m/n on input line 43.
LaTeX Font Info:    ... okay on input line 43.
LaTeX Font Info:    Checking defaults for PU/pdf/m/n on input line 43.
LaTeX Font Info:    ... okay on input line 43.
LaTeX Info: Redefining \. on input line 43.
LaTeX Info: Redefining \% on input line 43.
 (C:\Users\marti\AppData\Local\Programs\MiKTeX\tex/context/base/mkii\supp-pdf.mkii
[Loading MPS to PDF converter (version 2006.09.02).]
\scratchcounter=\count310
\scratchdimen=\dimen192
\scratchbox=\box64
\nofMPsegments=\count311
\nofMParguments=\count312
\everyMPshowfont=\toks33
\MPscratchCnt=\count313
\MPscratchDim=\dimen193
\MPnumerator=\count314
\makeMPintoPDFobject=\count315
\everyMPtoPDFconversion=\toks34
) (C:\Users\marti\AppData\Local\Programs\MiKTeX\tex/latex/epstopdf-pkg\epstopdf-base.sty
Package: epstopdf-base 2020-01-24 v2.11 Base part for package epstopdf
Package epstopdf-base Info: Redefining graphics rule for `.eps' on input line 485.
 (C:\Users\marti\AppData\Local\Programs\MiKTeX\tex/latex/00miktex\epstopdf-sys.cfg
File: epstopdf-sys.cfg 2021/03/18 v2.0 Configuration of epstopdf for MiKTeX
))
*geometry* driver: auto-detecting
*geometry* detected driver: pdftex
*geometry* verbose mode - [ preamble ] result:
* driver: pdftex
* paper: a4paper
* layout: <same size as paper>
* layoutoffset:(h,v)=(0.0pt,0.0pt)
* modes: 
* h-part:(L,W,R)=(72.26999pt, 452.9679pt, 72.26999pt)
* v-part:(T,H,B)=(72.26999pt, 700.50687pt, 72.26999pt)
* \paperwidth=597.50787pt
* \paperheight=845.04684pt
* \textwidth=452.9679pt
* \textheight=700.50687pt
* \oddsidemargin=0.0pt
* \evensidemargin=0.0pt
* \topmargin=-37.0pt
* \headheight=12.0pt
* \headsep=25.0pt
* \topskip=12.0pt
* \footskip=30.0pt
* \marginparwidth=44.0pt
* \marginparsep=10.0pt
* \columnsep=10.0pt
* \skip\footins=10.8pt plus 4.0pt minus 2.0pt
* \hoffset=0.0pt
* \voffset=0.0pt
* \mag=1000
* \@twocolumnfalse
* \@twosidefalse
* \@mparswitchfalse
* \@reversemarginfalse
* (1in=72.27pt=25.4mm, 1cm=28.453pt)

Package caption Info: Begin \AtBeginDocument code.
Package caption Info: hyperref package is loaded.
Package caption Info: longtable package is loaded.
(C:\Users\marti\AppData\Local\Programs\MiKTeX\tex/latex/caption\ltcaption.sty
Package: ltcaption 2021/01/08 v1.4c longtable captions (AR)
)
Package caption Info: End \AtBeginDocument code.
Package hyperref Info: Link coloring ON on input line 43.
 (c:\Users\marti\OneDrive\Documents\SCUL\estadistica1.19.2026\NBA_statistics\build\proyecto.out) (c:\Users\marti\OneDrive\Documents\SCUL\estadistica1.19.2026\NBA_statistics\build\proyecto.out)
\@outlinefile=\write3
\openout3 = `proyecto.out'.

 [1

{C:/Users/marti/AppData/Local/MiKTeX/fonts/map/pdftex/pdftex.map}] (c:\Users\marti\OneDrive\Documents\SCUL\estadistica1.19.2026\NBA_statistics\build\proyecto.toc
LaTeX Info: Redefining \. on input line 1.
LaTeX Info: Redefining \% on input line 1.
LaTeX Font Info:    Trying to load font information for U+msa on input line 4.
 (C:\Users\marti\AppData\Local\Programs\MiKTeX\tex/latex/amsfonts\umsa.fd
File: umsa.fd 2013/01/14 v3.01 AMS symbols A
)
LaTeX Font Info:    Trying to load font information for U+msb on input line 4.
 (C:\Users\marti\AppData\Local\Programs\MiKTeX\tex/latex/amsfonts\umsb.fd
File: umsb.fd 2013/01/14 v3.01 AMS symbols B
)
pdfTeX warning (ext4): destination with the same identifier (name{page.1}) has been already used, duplicate ignored
<to be read again> 
                   \relax 
l.35 ...los Coeficientes}{31}{subsubsection.6.3.3}
                                                  % [1] [2])
\tf@toc=\write4
\openout4 = `proyecto.toc'.

 [3]
Overfull \hbox (42.46751pt too wide) in paragraph at lines 74--75
[]\OT1/cmr/m/n/12 Los da-tos uti-li-za-dos pro-vie-nen del ar-chi-vo en for-ma-to .csv: re-gu-lar[]season[]totals[]2010[]2024.csv,
 []

[4] [5] [6] [7]

LaTeX Warning: Reference `tab:estadisticos_descriptivos' on page 8 undefined on input line 241.


Overfull \hbox (44.26071pt too wide) in paragraph at lines 248--266
[][] 
 []


LaTeX Warning: Reference `tab:estadisticos_descriptivos' on page 8 undefined on input line 274.

[8] [9]
Overfull \hbox (15.96657pt too wide) in paragraph at lines 364--382
[][] 
 []

[10] [11] [12] [13] [14]
<images/histograma_pts.png, id=447, 622.2447pt x 394.5942pt>
File: images/histograma_pts.png Graphic file (type png)
<use images/histograma_pts.png>
Package pdftex.def Info: images/histograma_pts.png  used on input line 593.
(pdftex.def)             Requested size: 217.42265pt x 137.87521pt.
<images/poligono_acumulado_pts.png, id=449, 618.1494pt x 395.076pt>
File: images/poligono_acumulado_pts.png Graphic file (type png)
<use images/poligono_acumulado_pts.png>
Package pdftex.def Info: images/poligono_acumulado_pts.png  used on input line 600.
(pdftex.def)             Requested size: 217.42265pt x 138.95987pt.
 [15]
<images/histograma_ast.png, id=455, 621.0402pt x 394.5942pt>
File: images/histograma_ast.png Graphic file (type png)
<use images/histograma_ast.png>
Package pdftex.def Info: images/histograma_ast.png  used on input line 610.
(pdftex.def)             Requested size: 217.42265pt x 138.14615pt.

Underfull \hbox (badness 6348) in paragraph at lines 611--611
[]\OT1/cmr/m/n/12 Figura 3: |His-to-gra-ma de Asis-ten-cias
 []

<images/poligono_acumulado_ast.png, id=456, 614.7768pt x 395.076pt>
File: images/poligono_acumulado_ast.png Graphic file (type png)
<use images/poligono_acumulado_ast.png>
Package pdftex.def Info: images/poligono_acumulado_ast.png  used on input line 617.
(pdftex.def)             Requested size: 217.42265pt x 139.71944pt.
<images/histograma_reb.png, id=457, 621.0402pt x 394.5942pt>
File: images/histograma_reb.png Graphic file (type png)
<use images/histograma_reb.png>
Package pdftex.def Info: images/histograma_reb.png  used on input line 627.
(pdftex.def)             Requested size: 217.42265pt x 138.14615pt.
<images/poligono_acumulado_reb.png, id=458, 614.7768pt x 395.076pt>
File: images/poligono_acumulado_reb.png Graphic file (type png)
<use images/poligono_acumulado_reb.png>
Package pdftex.def Info: images/poligono_acumulado_reb.png  used on input line 634.
(pdftex.def)             Requested size: 217.42265pt x 139.71944pt.
[16 <./images/histograma_pts.png> <./images/poligono_acumulado_pts.png> <./images/histograma_ast.png> <./images/poligono_acumulado_ast.png> <./images/histograma_reb.png> <./images/poligono_acumulado_reb.png>]
<images/histograma_fg3_pct.png, id=473, 621.0402pt x 394.8351pt>
File: images/histograma_fg3_pct.png Graphic file (type png)
<use images/histograma_fg3_pct.png>
Package pdftex.def Info: images/histograma_fg3_pct.png  used on input line 652.
(pdftex.def)             Requested size: 217.42265pt x 138.2305pt.
<images/poligono_acumulado_fg3_pct.png, id=474, 614.7768pt x 395.076pt>
File: images/poligono_acumulado_fg3_pct.png Graphic file (type png)
<use images/poligono_acumulado_fg3_pct.png>
Package pdftex.def Info: images/poligono_acumulado_fg3_pct.png  used on input line 659.
(pdftex.def)             Requested size: 217.42265pt x 139.71944pt.
<images/histograma_ft_pct.png, id=475, 621.0402pt x 394.8351pt>
File: images/histograma_ft_pct.png Graphic file (type png)
<use images/histograma_ft_pct.png>
Package pdftex.def Info: images/histograma_ft_pct.png  used on input line 673.
(pdftex.def)             Requested size: 217.42265pt x 138.2305pt.
<images/poligono_acumulado_ft_pct.png, id=476, 614.7768pt x 395.076pt>
File: images/poligono_acumulado_ft_pct.png Graphic file (type png)
<use images/poligono_acumulado_ft_pct.png>
Package pdftex.def Info: images/poligono_acumulado_ft_pct.png  used on input line 680.
(pdftex.def)             Requested size: 217.42265pt x 139.71944pt.
 [17 <./images/histograma_fg3_pct.png> <./images/poligono_acumulado_fg3_pct.png> <./images/histograma_ft_pct.png> <./images/poligono_acumulado_ft_pct.png>]
<images/histograma_plus_minus.png, id=489, 626.5809pt x 394.8351pt>
File: images/histograma_plus_minus.png Graphic file (type png)
<use images/histograma_plus_minus.png>
Package pdftex.def Info: images/histograma_plus_minus.png  used on input line 694.
(pdftex.def)             Requested size: 217.42265pt x 137.00145pt.
<images/poligono_acumulado_plus_minus.png, id=490, 614.7768pt x 395.076pt>
File: images/poligono_acumulado_plus_minus.png Graphic file (type png)
<use images/poligono_acumulado_plus_minus.png>
Package pdftex.def Info: images/poligono_acumulado_plus_minus.png  used on input line 701.
(pdftex.def)             Requested size: 217.42265pt x 139.71944pt.

Underfull \hbox (badness 10000) in paragraph at lines 702--702
[]\OT1/cmr/m/n/12 Figura 12: |Pol^^S^^Pgono acu-mu-la-do de
 []

<images/histograma_stl.png, id=491, 621.0402pt x 395.076pt>
File: images/histograma_stl.png Graphic file (type png)
<use images/histograma_stl.png>
Package pdftex.def Info: images/histograma_stl.png  used on input line 715.
(pdftex.def)             Requested size: 217.42265pt x 138.31483pt.
<images/poligono_acumulado_stl.png, id=492, 614.7768pt x 395.076pt>
File: images/poligono_acumulado_stl.png Graphic file (type png)
<use images/poligono_acumulado_stl.png>
Package pdftex.def Info: images/poligono_acumulado_stl.png  used on input line 722.
(pdftex.def)             Requested size: 217.42265pt x 139.71944pt.
[18 <./images/histograma_plus_minus.png> <./images/poligono_acumulado_plus_minus.png>]
<images/histograma_blk.png, id=502, 621.0402pt x 394.5942pt>
File: images/histograma_blk.png Graphic file (type png)
<use images/histograma_blk.png>
Package pdftex.def Info: images/histograma_blk.png  used on input line 736.
(pdftex.def)             Requested size: 217.42265pt x 138.14615pt.
<images/poligono_acumulado_blk.png, id=503, 614.7768pt x 395.076pt>
File: images/poligono_acumulado_blk.png Graphic file (type png)
<use images/poligono_acumulado_blk.png>
Package pdftex.def Info: images/poligono_acumulado_blk.png  used on input line 743.
(pdftex.def)             Requested size: 217.42265pt x 139.71944pt.
<images/histograma_fg3a_fga.png, id=504, 621.0402pt x 395.5578pt>
File: images/histograma_fg3a_fga.png Graphic file (type png)
<use images/histograma_fg3a_fga.png>
Package pdftex.def Info: images/histograma_fg3a_fga.png  used on input line 757.
(pdftex.def)             Requested size: 217.42265pt x 138.4835pt.

Underfull \hbox (badness 3417) in paragraph at lines 758--758
[]\OT1/cmr/m/n/12 Figura 17: |His-to-gra-ma de Pro-por-ci^^Son
 []

<images/poligono_acumulado_fg3a_fga.png, id=505, 614.7768pt x 395.076pt>
File: images/poligono_acumulado_fg3a_fga.png Graphic file (type png)
<use images/poligono_acumulado_fg3a_fga.png>
Package pdftex.def Info: images/poligono_acumulado_fg3a_fga.png  used on input line 764.
(pdftex.def)             Requested size: 217.42265pt x 139.71944pt.

Underfull \hbox (badness 10000) in paragraph at lines 765--765
[]\OT1/cmr/m/n/12 Figura 18: |Pol^^S^^Pgono acu-mu-la-do de
 []

[19 <./images/histograma_stl.png> <./images/poligono_acumulado_stl.png> <./images/histograma_blk.png> <./images/poligono_acumulado_blk.png>]
<images/boxplots.png, id=518, 840.741pt x 437.9562pt>
File: images/boxplots.png Graphic file (type png)
<use images/boxplots.png>
Package pdftex.def Info: images/boxplots.png  used on input line 779.
(pdftex.def)             Requested size: 430.31812pt x 224.1633pt.
 [20 <./images/histograma_fg3a_fga.png> <./images/poligono_acumulado_fg3a_fga.png>]
<images/asimetria_curtosis.png, id=528, 612.1269pt x 381.1038pt>
File: images/asimetria_curtosis.png Graphic file (type png)
<use images/asimetria_curtosis.png>
Package pdftex.def Info: images/asimetria_curtosis.png  used on input line 805.
(pdftex.def)             Requested size: 385.02547pt x 239.71286pt.
 [21 <./images/boxplots.png>] [22 <./images/asimetria_curtosis.png>]
Overfull \hbox (1.38074pt too wide) in paragraph at lines 840--841
[]\OT1/cmr/bx/n/12 Consistencia m^^Setri-ca\OT1/cmr/m/n/12 : FG[]PCT mues-tra el com-por-ta-mien-to m^^Sas es-ta-ble y sim^^Setri-
 []

[23] [24] [25] [26]
Underfull \hbox (badness 1622) in paragraph at lines 1050--1051
[]|\OT1/cmr/bx/n/12 Mantenidos\OT1/cmr/m/n/12 : Par-ti-dos hist^^Sori-cos
 []


Underfull \hbox (badness 1168) in paragraph at lines 1054--1055
\OT1/cmr/m/n/12 son m^^Setri-cas leg^^S^^Pti-mas de ren-di-
 []

[27]
Underfull \hbox (badness 10000) in paragraph at lines 1094--1094
[]|\OT1/cmtt/m/n/12 OFF[]EFF \OT1/cmr/m/n/12 (Efi-cien-cia
 []


Underfull \hbox (badness 2717) in paragraph at lines 1096--1096
[]|\OT1/cmtt/m/n/12 AST[]TO[]RATIO \OT1/cmr/m/n/12 (Ra-tio
 []


Underfull \hbox (badness 2435) in paragraph at lines 1098--1098
[]|\OT1/cmtt/m/n/12 FG3A[]RATE \OT1/cmr/m/n/12 (Ta-sa de
 []

[28] [29] [30]
<images/probabilidad_vs_fg3m.png, id=600, 462.528pt x 346.896pt>
File: images/probabilidad_vs_fg3m.png Graphic file (type png)
<use images/probabilidad_vs_fg3m.png>
Package pdftex.def Info: images/probabilidad_vs_fg3m.png  used on input line 1243.
(pdftex.def)             Requested size: 362.37569pt x 271.79521pt.
 [31]
<images/distribucion_probabilidades.png, id=609, 462.528pt x 346.896pt>
File: images/distribucion_probabilidades.png Graphic file (type png)
<use images/distribucion_probabilidades.png>
Package pdftex.def Info: images/distribucion_probabilidades.png  used on input line 1252.
(pdftex.def)             Requested size: 362.37569pt x 271.79521pt.
 [32 <./images/probabilidad_vs_fg3m.png> <./images/distribucion_probabilidades.png>]
Overfull \hbox (152.27026pt too wide) in paragraph at lines 1294--1302
 [][] 
 []

[33]
Overfull \hbox (33.39691pt too wide) in paragraph at lines 1340--1348
 [][] 
 []

[34]
Underfull \hbox (badness 10000) in paragraph at lines 1381--1382
[]|\OT1/cmr/bx/n/12 Cambio en
 []


Underfull \hbox (badness 10000) in paragraph at lines 1383--1384
[]|\OT1/cmr/m/n/12 Inicio de la
 []


Overfull \hbox (2.70044pt too wide) in paragraph at lines 1379--1388
 [][] 
 []

[35]
Overfull \hbox (153.5814pt too wide) in paragraph at lines 1459--1471
 [][] 
 []


Underfull \hbox (badness 6608) in paragraph at lines 1488--1489
[]|\OT1/cmr/bx/n/12 Segundo pre-dic-tor m^^Sas im-por-tan-
 []


Underfull \hbox (badness 10000) in paragraph at lines 1488--1489
\OT1/cmr/bx/n/12 te\OT1/cmr/m/n/12 . Ca-da re-bo-te adi-cio-nal in-cre-men-ta
 []


Underfull \hbox (badness 10000) in paragraph at lines 1489--1490
[]|\OT1/cmr/m/n/12 Cada ro-bo adi-cio-nal in-cre-men-ta
 []


Underfull \hbox (badness 3407) in paragraph at lines 1489--1490
\OT1/cmr/m/n/12 PLUS[]MINUS en 3.38 pun-tos, in-di-can-
 []


Underfull \hbox (badness 10000) in paragraph at lines 1490--1491
[]|\OT1/cmr/m/n/12 Cada p^^Serdi-da adi-cio-nal dis-mi-nu-ye
 []


Underfull \hbox (badness 10000) in paragraph at lines 1490--1491
\OT1/cmr/m/n/12 PLUS[]MINUS en 3.18 pun-tos, des-ta-
 []


Overfull \hbox (50.61783pt too wide) in paragraph at lines 1483--1494
 [][] 
 []

[36] [37]
Overfull \hbox (45.45738pt too wide) in paragraph at lines 1551--1551
[]\OT1/cmr/bx/n/14.4 Pregunta 3: Pre-dic-to-res del di-fe-ren-cial de pun-tos (PLUS[]MINUS) 
 []

[38]
Overfull \hbox (10.04044pt too wide) in paragraph at lines 1576--1577
[]\OT1/cmr/bx/n/12 Variables de-fen-si-vas\OT1/cmr/m/n/12 : STL y REB mos-tra-ron im-pac-to sig-ni-fi-ca-ti-vo en PLUS[]MINUS 
 []

[39]
Overfull \hbox (14.19644pt too wide) in paragraph at lines 1594--1595
[]\OT1/cmr/bx/n/12 Multicolinealidad\OT1/cmr/m/n/12 : Al-gu-nas va-ria-bles pre-dic-to-ras co-rre-la-cio-na-das (ej. AST-FG[]PCT) 
 []

[40] [41] (c:\Users\marti\OneDrive\Documents\SCUL\estadistica1.19.2026\NBA_statistics\build\proyecto.aux
LaTeX Info: Redefining \. on input line 11.
LaTeX Info: Redefining \% on input line 11.
)
 ***********
LaTeX2e <2023-11-01> patch level 1
L3 programming layer <2024-01-04>
 ***********


LaTeX Warning: There were undefined references.

Package rerunfilecheck Info: File `proyecto.out' has not changed.
(rerunfilecheck)             Checksum: EEF5710386CDDF893AEF9869A8721174;16766.
 ) 
Here is how much of TeX's memory you used:
 14931 strings out of 474486
 243761 string characters out of 5743754
 1944542 words of memory out of 5000000
 36826 multiletter control sequences out of 15000+600000
 566677 words of font info for 68 fonts, out of 8000000 for 9000
 1141 hyphenation exceptions out of 8191
 75i,16n,79p,1033b,783s stack positions out of 10000i,1000n,20000p,200000b,200000s
 <C:\Users\marti\AppData\Local\MiKTeX\fonts/pk/ljfour/jknappen/ec/dpi600\tcbx1200.pk> <C:\Users\marti\AppData\Local\MiKTeX\fonts/pk/ljfour/jknappen/ec/dpi600\tcrm1200.pk><C:/Users/marti/AppData/Local/Programs/MiKTeX/fonts/type1/public/amsfonts/cm/cmbx12.pfb><C:/Users/marti/AppData/Local/Programs/MiKTeX/fonts/type1/public/amsfonts/cm/cmex10.pfb><C:/Users/marti/AppData/Local/Programs/MiKTeX/fonts/type1/public/amsfonts/cm/cmmi12.pfb><C:/Users/marti/AppData/Local/Programs/MiKTeX/fonts/type1/public/amsfonts/cm/cmmi8.pfb><C:/Users/marti/AppData/Local/Programs/MiKTeX/fonts/type1/public/amsfonts/cm/cmr12.pfb><C:/Users/marti/AppData/Local/Programs/MiKTeX/fonts/type1/public/amsfonts/cm/cmr6.pfb><C:/Users/marti/AppData/Local/Programs/MiKTeX/fonts/type1/public/amsfonts/cm/cmr8.pfb><C:/Users/marti/AppData/Local/Programs/MiKTeX/fonts/type1/public/amsfonts/cm/cmsy10.pfb><C:/Users/marti/AppData/Local/Programs/MiKTeX/fonts/type1/public/amsfonts/cm/cmsy8.pfb><C:/Users/marti/AppData/Local/Programs/MiKTeX/fonts/type1/public/amsfonts/cm/cmti12.pfb><C:/Users/marti/AppData/Local/Programs/MiKTeX/fonts/type1/public/amsfonts/cm/cmtt12.pfb>
Output written on c:\Users\marti\OneDrive\Documents\SCUL\estadistica1.19.2026\NBA_statistics\build\proyecto.pdf (42 pages, 2655321 bytes).
PDF statistics:
 777 PDF objects out of 1000 (max. 8388607)
 195 named destinations out of 1000 (max. 500000)
 671 words of extra memory for PDF output out of 10000 (max. 10000000)

